# DSU client log while the NSO GameCube controller was connected over Bluetooth LE (2026-09-28).
# Tool: research/scripts/dsu_monitor.py. First part: USB → unplugged → Bluetooth, then buttons/triggers/sticks; the last lines show
# the 'Turn off' (t+144 s). Second session: Start pressed 4× after reconnecting.
t+   0s slot 0: connected via USB
t+   0s slot 1: empty
t+   0s slot 2: empty
t+   0s slot 3: empty
t+   0s slot 0: buttons [] sticks-at-edge [] L2/R2 analog (0, 0)
t+  12s slot 0: empty
t+  22s slot 0: connected via Bluetooth
t+  29s slot 0 BT: buttons ['south'] sticks-at-edge [] L2/R2 analog (0, 0)
t+  29s slot 0 BT: buttons [] sticks-at-edge [] L2/R2 analog (0, 0)
t+  30s slot 0 BT: buttons ['west'] sticks-at-edge [] L2/R2 analog (0, 0)
t+  30s slot 0 BT: buttons [] sticks-at-edge [] L2/R2 analog (0, 0)
t+  31s slot 0 BT: buttons ['east'] sticks-at-edge [] L2/R2 analog (0, 0)
t+  31s slot 0 BT: buttons [] sticks-at-edge [] L2/R2 analog (0, 0)
t+  32s slot 0 BT: buttons ['north'] sticks-at-edge [] L2/R2 analog (0, 0)
t+  32s slot 0 BT: buttons [] sticks-at-edge [] L2/R2 analog (0, 0)
t+  33s slot 0 BT: buttons ['R1'] sticks-at-edge [] L2/R2 analog (0, 0)
t+  34s slot 0 BT: buttons [] sticks-at-edge [] L2/R2 analog (0, 0)
t+  35s slot 0 BT: buttons ['L2'] sticks-at-edge [] L2/R2 analog (183, 0)
t+  35s slot 0 BT: buttons ['L2'] sticks-at-edge [] L2/R2 analog (255, 0)
t+  35s slot 0 BT: buttons ['L2'] sticks-at-edge [] L2/R2 analog (179, 0)
t+  35s slot 0 BT: buttons [] sticks-at-edge [] L2/R2 analog (0, 0)
t+  37s slot 0 BT: buttons ['R2'] sticks-at-edge [] L2/R2 analog (0, 213)
t+  37s slot 0 BT: buttons ['R2'] sticks-at-edge [] L2/R2 analog (0, 181)
t+  37s slot 0 BT: buttons [] sticks-at-edge [] L2/R2 analog (0, 34)
t+  38s slot 0 BT: buttons [] sticks-at-edge ['LY+'] L2/R2 analog (0, 0)
t+  38s slot 0 BT: buttons [] sticks-at-edge [] L2/R2 analog (0, 0)
t+  38s slot 0 BT: buttons [] sticks-at-edge ['LX+'] L2/R2 analog (0, 0)
t+  38s slot 0 BT: buttons [] sticks-at-edge [] L2/R2 analog (0, 0)
t+  38s slot 0 BT: buttons [] sticks-at-edge ['LY-'] L2/R2 analog (0, 0)
t+  38s slot 0 BT: buttons [] sticks-at-edge [] L2/R2 analog (0, 0)
t+  38s slot 0 BT: buttons [] sticks-at-edge ['LX-'] L2/R2 analog (0, 0)
t+  38s slot 0 BT: buttons [] sticks-at-edge [] L2/R2 analog (0, 0)
t+  39s slot 0 BT: buttons [] sticks-at-edge ['LY+'] L2/R2 analog (0, 0)
t+  39s slot 0 BT: buttons [] sticks-at-edge [] L2/R2 analog (0, 0)
t+  39s slot 0 BT: buttons [] sticks-at-edge ['LX+'] L2/R2 analog (0, 0)
t+  39s slot 0 BT: buttons [] sticks-at-edge [] L2/R2 analog (0, 0)
t+  39s slot 0 BT: buttons [] sticks-at-edge ['LY-'] L2/R2 analog (0, 0)
t+  39s slot 0 BT: buttons [] sticks-at-edge [] L2/R2 analog (0, 0)
t+  39s slot 0 BT: buttons [] sticks-at-edge ['LX-'] L2/R2 analog (0, 0)
t+  39s slot 0 BT: buttons [] sticks-at-edge [] L2/R2 analog (0, 0)
t+  39s slot 0 BT: buttons [] sticks-at-edge ['LY+'] L2/R2 analog (0, 0)
t+  40s slot 0 BT: buttons [] sticks-at-edge [] L2/R2 analog (0, 0)
t+  40s slot 0 BT: buttons [] sticks-at-edge ['LX+'] L2/R2 analog (0, 0)
t+  40s slot 0 BT: buttons [] sticks-at-edge [] L2/R2 analog (0, 0)
t+  40s slot 0 BT: buttons [] sticks-at-edge ['LY-'] L2/R2 analog (0, 0)
t+  40s slot 0 BT: buttons [] sticks-at-edge [] L2/R2 analog (0, 0)
t+  40s slot 0 BT: buttons [] sticks-at-edge ['LX-'] L2/R2 analog (0, 0)
t+  40s slot 0 BT: buttons [] sticks-at-edge [] L2/R2 analog (0, 0)
t+  40s slot 0 BT: buttons [] sticks-at-edge ['LY+'] L2/R2 analog (0, 0)
t+  40s slot 0 BT: buttons [] sticks-at-edge [] L2/R2 analog (0, 0)
t+  41s slot 0 BT: buttons [] sticks-at-edge ['RY+'] L2/R2 analog (0, 0)
t+  41s slot 0 BT: buttons [] sticks-at-edge [] L2/R2 analog (0, 0)
t+  41s slot 0 BT: buttons [] sticks-at-edge ['RX+'] L2/R2 analog (0, 0)
t+  41s slot 0 BT: buttons [] sticks-at-edge [] L2/R2 analog (0, 0)
t+  41s slot 0 BT: buttons [] sticks-at-edge ['RY-'] L2/R2 analog (0, 0)
t+  42s slot 0 BT: buttons [] sticks-at-edge [] L2/R2 analog (0, 0)
t+  42s slot 0 BT: buttons [] sticks-at-edge ['RX-'] L2/R2 analog (0, 0)
t+  42s slot 0 BT: buttons [] sticks-at-edge [] L2/R2 analog (0, 0)
t+  42s slot 0 BT: buttons [] sticks-at-edge ['RY+'] L2/R2 analog (0, 0)
t+  42s slot 0 BT: buttons [] sticks-at-edge [] L2/R2 analog (0, 0)
t+  42s slot 0 BT: buttons [] sticks-at-edge ['RX+'] L2/R2 analog (0, 0)
t+  42s slot 0 BT: buttons [] sticks-at-edge [] L2/R2 analog (0, 0)
t+  42s slot 0 BT: buttons [] sticks-at-edge ['RY-'] L2/R2 analog (0, 0)
t+  42s slot 0 BT: buttons [] sticks-at-edge [] L2/R2 analog (0, 0)
t+  42s slot 0 BT: buttons [] sticks-at-edge ['RX-'] L2/R2 analog (0, 0)
t+  43s slot 0 BT: buttons [] sticks-at-edge [] L2/R2 analog (0, 0)
t+  43s slot 0 BT: buttons [] sticks-at-edge ['RY+'] L2/R2 analog (0, 0)
t+  43s slot 0 BT: buttons [] sticks-at-edge [] L2/R2 analog (0, 0)
t+  43s slot 0 BT: buttons [] sticks-at-edge ['RX+'] L2/R2 analog (0, 0)
t+  43s slot 0 BT: buttons [] sticks-at-edge [] L2/R2 analog (0, 0)
t+  43s slot 0 BT: buttons [] sticks-at-edge ['RY-'] L2/R2 analog (0, 0)
t+  43s slot 0 BT: buttons [] sticks-at-edge [] L2/R2 analog (0, 0)
t+  43s slot 0 BT: buttons [] sticks-at-edge ['RX-'] L2/R2 analog (0, 0)
t+  44s slot 0 BT: buttons [] sticks-at-edge [] L2/R2 analog (0, 0)
t+  44s slot 0 BT: buttons [] sticks-at-edge ['RY+'] L2/R2 analog (0, 0)
t+  44s slot 0 BT: buttons [] sticks-at-edge [] L2/R2 analog (0, 0)
t+  44s slot 0 BT: buttons [] sticks-at-edge ['RX+'] L2/R2 analog (0, 0)
t+  44s slot 0 BT: buttons [] sticks-at-edge [] L2/R2 analog (0, 0)
t+  44s slot 0 BT: buttons [] sticks-at-edge ['RY-'] L2/R2 analog (0, 0)
t+  44s slot 0 BT: buttons [] sticks-at-edge [] L2/R2 analog (0, 0)
t+  44s slot 0 BT: buttons [] sticks-at-edge ['RX-'] L2/R2 analog (0, 0)
t+  44s slot 0 BT: buttons [] sticks-at-edge [] L2/R2 analog (0, 0)
t+  45s slot 0 BT: buttons [] sticks-at-edge ['RY+'] L2/R2 analog (0, 0)
t+  45s slot 0 BT: buttons [] sticks-at-edge [] L2/R2 analog (0, 0)
t+ 116s slot 0 BT: buttons ['touch'] sticks-at-edge [] L2/R2 analog (0, 0)
t+ 116s slot 0 BT: buttons [] sticks-at-edge [] L2/R2 analog (0, 0)
t+ 119s slot 0 BT: buttons ['L1'] sticks-at-edge [] L2/R2 analog (0, 0)
t+ 120s slot 0 BT: buttons [] sticks-at-edge [] L2/R2 analog (0, 0)
t+ 121s slot 0 BT: buttons ['share'] sticks-at-edge [] L2/R2 analog (0, 0)
t+ 122s slot 0 BT: buttons [] sticks-at-edge [] L2/R2 analog (0, 0)
t+ 123s slot 0 BT: buttons ['home'] sticks-at-edge [] L2/R2 analog (0, 0)
t+ 124s slot 0 BT: buttons [] sticks-at-edge [] L2/R2 analog (0, 0)
t+ 125s slot 0 BT: buttons ['up'] sticks-at-edge [] L2/R2 analog (0, 0)
t+ 125s slot 0 BT: buttons ['up', 'left'] sticks-at-edge [] L2/R2 analog (0, 0)
t+ 126s slot 0 BT: buttons ['up'] sticks-at-edge [] L2/R2 analog (0, 0)
t+ 126s slot 0 BT: buttons [] sticks-at-edge [] L2/R2 analog (0, 0)
t+ 126s slot 0 BT: buttons ['left'] sticks-at-edge [] L2/R2 analog (0, 0)
t+ 127s slot 0 BT: buttons [] sticks-at-edge [] L2/R2 analog (0, 0)
t+ 127s slot 0 BT: buttons ['down'] sticks-at-edge [] L2/R2 analog (0, 0)
t+ 128s slot 0 BT: buttons [] sticks-at-edge [] L2/R2 analog (0, 0)
t+ 128s slot 0 BT: buttons ['right'] sticks-at-edge [] L2/R2 analog (0, 0)
t+ 128s slot 0 BT: buttons ['right', 'down'] sticks-at-edge [] L2/R2 analog (0, 0)
t+ 128s slot 0 BT: buttons ['right'] sticks-at-edge [] L2/R2 analog (0, 0)
t+ 129s slot 0 BT: buttons [] sticks-at-edge [] L2/R2 analog (0, 0)
t+ 144s slot 0: empty
t+ 198s slot 0: connected via Bluetooth
t+ 200s slot 0 BT: buttons ['options'] sticks-at-edge [] L2/R2 analog (0, 0)
t+ 200s slot 0 BT: buttons [] sticks-at-edge [] L2/R2 analog (0, 0)
t+ 201s slot 0 BT: buttons ['options'] sticks-at-edge [] L2/R2 analog (0, 0)
t+ 201s slot 0 BT: buttons [] sticks-at-edge [] L2/R2 analog (0, 0)
t+ 202s slot 0 BT: buttons ['options'] sticks-at-edge [] L2/R2 analog (0, 0)
t+ 202s slot 0 BT: buttons [] sticks-at-edge [] L2/R2 analog (0, 0)
t+ 203s slot 0 BT: buttons ['options'] sticks-at-edge [] L2/R2 analog (0, 0)
t+ 203s slot 0 BT: buttons [] sticks-at-edge [] L2/R2 analog (0, 0)
t+ 235s slot 0: empty
slot 0: 8597 packets

[exited with code 0]

# --- second session ---
t+ 188s slot 0: empty
t+ 188s slot 1: empty
t+ 188s slot 2: empty
t+ 188s slot 3: empty
t+ 197s slot 0 BT: buttons [] sticks-at-edge [] L2/R2 analog (0, 0)
t+ 198s slot 0: connected via Bluetooth
t+ 200s slot 0 BT: buttons ['options'] sticks-at-edge [] L2/R2 analog (0, 0)
t+ 200s slot 0 BT: buttons [] sticks-at-edge [] L2/R2 analog (0, 0)
t+ 201s slot 0 BT: buttons ['options'] sticks-at-edge [] L2/R2 analog (0, 0)
t+ 201s slot 0 BT: buttons [] sticks-at-edge [] L2/R2 analog (0, 0)
t+ 202s slot 0 BT: buttons ['options'] sticks-at-edge [] L2/R2 analog (0, 0)
t+ 202s slot 0 BT: buttons [] sticks-at-edge [] L2/R2 analog (0, 0)
t+ 203s slot 0 BT: buttons ['options'] sticks-at-edge [] L2/R2 analog (0, 0)
t+ 203s slot 0 BT: buttons [] sticks-at-edge [] L2/R2 analog (0, 0)
t+ 235s slot 0: empty

[killed]
